2026-05-24T14:52:13.611-04:00  INFO 22084 --- [carrito] [main] c.t.carrito.CarritoApplication           : Starting CarritoApplication using Java 21.0.10 with PID 22084 (C:\Users\nikac\Desktop\Duoc Tareas\DesarrolloFullStack\proyecto-tienda-urbana\carrito\target\classes started by nikac in C:\Users\nikac\Desktop\Duoc Tareas\DesarrolloFullStack\proyecto-tienda-urbana\carrito)
2026-05-24T14:52:13.617-04:00 DEBUG 22084 --- [carrito] [main] c.t.carrito.CarritoApplication           : Running with Spring Boot v4.0.6, Spring v7.0.7
2026-05-24T14:52:13.618-04:00  INFO 22084 --- [carrito] [main] c.t.carrito.CarritoApplication           : No active profile set, falling back to 1 default profile: "default"
2026-05-24T14:52:15.942-04:00  WARN 22084 --- [carrito] [main] JpaBaseConfiguration$JpaWebConfiguration : spring.jpa.open-in-view is enabled by default. Therefore, database queries may be performed during view rendering. Explicitly configure spring.jpa.open-in-view to disable this warning
2026-05-24T14:52:16.277-04:00  INFO 22084 --- [carrito] [main] c.t.carrito.CarritoApplication           : Started CarritoApplication in 2.945 seconds (process running for 3.259)
2026-05-24T14:52:16.493-04:00  INFO 22084 --- [carrito] [main] c.t.carrito.config.DataInitializer       : Iniciando carga de datos de ejemplo...
2026-05-24T15:24:41.275-04:00  INFO 26216 --- [carrito] [main] c.t.carrito.CarritoApplication           : Starting CarritoApplication using Java 21.0.10 with PID 26216 (C:\Users\nikac\Desktop\Duoc Tareas\DesarrolloFullStack\proyecto-tienda-urbana\carrito\target\classes started by nikac in C:\Users\nikac\Desktop\Duoc Tareas\DesarrolloFullStack\proyecto-tienda-urbana\carrito)
2026-05-24T15:24:41.279-04:00 DEBUG 26216 --- [carrito] [main] c.t.carrito.CarritoApplication           : Running with Spring Boot v4.0.6, Spring v7.0.7
2026-05-24T15:24:41.279-04:00  INFO 26216 --- [carrito] [main] c.t.carrito.CarritoApplication           : No active profile set, falling back to 1 default profile: "default"
2026-05-24T15:24:43.466-04:00  WARN 26216 --- [carrito] [main] JpaBaseConfiguration$JpaWebConfiguration : spring.jpa.open-in-view is enabled by default. Therefore, database queries may be performed during view rendering. Explicitly configure spring.jpa.open-in-view to disable this warning
2026-05-24T15:24:43.755-04:00  INFO 26216 --- [carrito] [main] c.t.carrito.CarritoApplication           : Started CarritoApplication in 2.755 seconds (process running for 3.05)
2026-05-24T15:24:43.943-04:00  INFO 26216 --- [carrito] [main] c.t.carrito.config.DataInitializer       : Iniciando carga de datos de ejemplo...
2026-05-24T15:43:18.788-04:00  INFO 10208 --- [carrito] [main] c.t.carrito.CarritoApplication           : Starting CarritoApplication using Java 21.0.10 with PID 10208 (C:\Users\nikac\Desktop\Duoc Tareas\DesarrolloFullStack\proyecto-tienda-urbana\carrito\target\classes started by nikac in C:\Users\nikac\Desktop\Duoc Tareas\DesarrolloFullStack\proyecto-tienda-urbana\carrito)
2026-05-24T15:43:18.790-04:00 DEBUG 10208 --- [carrito] [main] c.t.carrito.CarritoApplication           : Running with Spring Boot v4.0.6, Spring v7.0.7
2026-05-24T15:43:18.790-04:00  INFO 10208 --- [carrito] [main] c.t.carrito.CarritoApplication           : No active profile set, falling back to 1 default profile: "default"
2026-05-24T15:43:21.028-04:00  WARN 10208 --- [carrito] [main] JpaBaseConfiguration$JpaWebConfiguration : spring.jpa.open-in-view is enabled by default. Therefore, database queries may be performed during view rendering. Explicitly configure spring.jpa.open-in-view to disable this warning
2026-05-24T15:43:21.334-04:00  INFO 10208 --- [carrito] [main] c.t.carrito.CarritoApplication           : Started CarritoApplication in 2.823 seconds (process running for 3.118)
2026-05-24T15:43:21.519-04:00  INFO 10208 --- [carrito] [main] c.t.carrito.config.DataInitializer       : Iniciando carga de datos de ejemplo...
2026-05-24T15:43:23.862-04:00  INFO 22424 --- [carrito] [main] c.t.carrito.CarritoApplication           : Starting CarritoApplication using Java 21.0.10 with PID 22424 (C:\Users\nikac\Desktop\Duoc Tareas\DesarrolloFullStack\proyecto-tienda-urbana\carrito\target\classes started by nikac in C:\Users\nikac\Desktop\Duoc Tareas\DesarrolloFullStack\proyecto-tienda-urbana\carrito)
2026-05-24T15:43:23.867-04:00 DEBUG 22424 --- [carrito] [main] c.t.carrito.CarritoApplication           : Running with Spring Boot v4.0.6, Spring v7.0.7
2026-05-24T15:43:23.867-04:00  INFO 22424 --- [carrito] [main] c.t.carrito.CarritoApplication           : No active profile set, falling back to 1 default profile: "default"
2026-05-24T15:43:26.107-04:00  WARN 22424 --- [carrito] [main] JpaBaseConfiguration$JpaWebConfiguration : spring.jpa.open-in-view is enabled by default. Therefore, database queries may be performed during view rendering. Explicitly configure spring.jpa.open-in-view to disable this warning
2026-05-24T15:43:26.416-04:00  INFO 22424 --- [carrito] [main] c.t.carrito.CarritoApplication           : Started CarritoApplication in 2.834 seconds (process running for 3.137)
2026-05-24T15:43:26.602-04:00  INFO 22424 --- [carrito] [main] c.t.carrito.config.DataInitializer       : Iniciando carga de datos de ejemplo...
